17:20:19 **** Build of configuration Debug for project 5_uart_tx ****
make -j8 all 
arm-none-eabi-gcc "../Src/main.c" -mcpu=cortex-m4 -std=gnu11 -g3 -DDEBUG -DSTM32 -DSTM32F4 -DSTM32F446RETx -DSTM32F446xx -c -I../Inc -I"D:/STM32_bare_metal_project/CHIP_headers/CMSIS/Device/ST/STM32F4xx/Include" -I"D:/STM32_bare_metal_project/CHIP_headers/CMSIS/Include" -O0 -ffunction-sections -fdata-sections -Wall -fstack-usage -fcyclomatic-complexity -MMD -MP -MF"Src/main.d" -MT"Src/main.o" --specs=nano.specs -mfpu=fpv4-sp-d16 -mfloat-abi=hard -mthumb -o "Src/main.o"
arm-none-eabi-gcc -o "5_uart_tx.elf" @"objects.list"   -mcpu=cortex-m4 -T"D:\STM32_bare_metal_project\5_uart_tx\STM32F446RETX_FLASH.ld" --specs=nosys.specs -Wl,-Map="5_uart_tx.map" -Wl,--gc-sections -static --specs=nano.specs -mfpu=fpv4-sp-d16 -mfloat-abi=hard -mthumb -Wl,--start-group -lc -lm -Wl,--end-group
Finished building target: 5_uart_tx.elf
 
arm-none-eabi-size  5_uart_tx.elf 
arm-none-eabi-objdump -h -S 5_uart_tx.elf  > "5_uart_tx.list"
   text	   data	    bss	    dec	    hex	filename
    960	      0	   1568	   2528	    9e0	5_uart_tx.elf
Finished building: default.size.stdout
 
Finished building: 5_uart_tx.list
 

17:20:19 Build Finished. 0 errors, 0 warnings. (took 837ms)

