17:21:49 **** Build of configuration Debug for project 6_uart_tx_string ****
make -j8 all 
arm-none-eabi-gcc "../Src/main.c" -mcpu=cortex-m4 -std=gnu11 -g3 -DDEBUG -DSTM32 -DSTM32F4 -DSTM32F446RETx -DSTM32F446xx -c -I../Inc -I"D:/STM32_bare_metal_project/CHIP_headers/CMSIS/Device/ST/STM32F4xx/Include" -I"D:/STM32_bare_metal_project/CHIP_headers/CMSIS/Include" -O0 -ffunction-sections -fdata-sections -Wall -fstack-usage -fcyclomatic-complexity -MMD -MP -MF"Src/main.d" -MT"Src/main.o" --specs=nano.specs -mfpu=fpv4-sp-d16 -mfloat-abi=hard -mthumb -o "Src/main.o"
arm-none-eabi-gcc -o "6_uart_tx_string.elf" @"objects.list"   -mcpu=cortex-m4 -T"D:\STM32_bare_metal_project\6_uart_tx_string\STM32F446RETX_FLASH.ld" --specs=nosys.specs -Wl,-Map="6_uart_tx_string.map" -Wl,--gc-sections -static --specs=nano.specs -mfpu=fpv4-sp-d16 -mfloat-abi=hard -mthumb -Wl,--start-group -lc -lm -Wl,--end-group
Finished building target: 6_uart_tx_string.elf
 
arm-none-eabi-size  6_uart_tx_string.elf 
arm-none-eabi-objdump -h -S 6_uart_tx_string.elf  > "6_uart_tx_string.list"
   text	   data	    bss	    dec	    hex	filename
   3656	     92	   1900	   5648	   1610	6_uart_tx_string.elf
Finished building: default.size.stdout
 
Finished building: 6_uart_tx_string.list
 

17:21:50 Build Finished. 0 errors, 0 warnings. (took 837ms)

