13:40:33 **** Incremental Build of configuration Debug for project 9_genarel_timer ****
make -j8 all 
arm-none-eabi-gcc "../Src/main.c" -mcpu=cortex-m4 -std=gnu11 -g3 -DDEBUG -DSTM32 -DSTM32F4 -DSTM32F446RETx -DSTM32F446xx -c -I../Inc -I"D:/STM32_bare_metal_project/CHIP_headers/CMSIS/Device/ST/STM32F4xx/Include" -I"D:/STM32_bare_metal_project/CHIP_headers/CMSIS/Include" -O0 -ffunction-sections -fdata-sections -Wall -fstack-usage -fcyclomatic-complexity -MMD -MP -MF"Src/main.d" -MT"Src/main.o" --specs=nano.specs -mfpu=fpv4-sp-d16 -mfloat-abi=hard -mthumb -o "Src/main.o"
arm-none-eabi-gcc "../Src/timer.c" -mcpu=cortex-m4 -std=gnu11 -g3 -DDEBUG -DSTM32 -DSTM32F4 -DSTM32F446RETx -DSTM32F446xx -c -I../Inc -I"D:/STM32_bare_metal_project/CHIP_headers/CMSIS/Device/ST/STM32F4xx/Include" -I"D:/STM32_bare_metal_project/CHIP_headers/CMSIS/Include" -O0 -ffunction-sections -fdata-sections -Wall -fstack-usage -fcyclomatic-complexity -MMD -MP -MF"Src/timer.d" -MT"Src/timer.o" --specs=nano.specs -mfpu=fpv4-sp-d16 -mfloat-abi=hard -mthumb -o "Src/timer.o"
arm-none-eabi-gcc -o "9_genarel_timer.elf" @"objects.list"   -mcpu=cortex-m4 -T"D:\STM32_bare_metal_project\9_genarel_timer\STM32F446RETX_FLASH.ld" --specs=nosys.specs -Wl,-Map="9_genarel_timer.map" -Wl,--gc-sections -static --specs=nano.specs -mfpu=fpv4-sp-d16 -mfloat-abi=hard -mthumb -Wl,--start-group -lc -lm -Wl,--end-group
Finished building target: 9_genarel_timer.elf
 
arm-none-eabi-size  9_genarel_timer.elf 
arm-none-eabi-objdump -h -S 9_genarel_timer.elf  > "9_genarel_timer.list"
   text	   data	    bss	    dec	    hex	filename
    860	      0	   1568	   2428	    97c	9_genarel_timer.elf
Finished building: default.size.stdout
 
Finished building: 9_genarel_timer.list
 

13:40:36 Build Finished. 0 errors, 0 warnings. (took 2s.190ms)

