17:42:47 **** Incremental Build of configuration Debug for project DHT22_project ****
make -j8 all 
arm-none-eabi-gcc "../Src/main.c" -mcpu=cortex-m4 -std=gnu11 -g3 -DDEBUG -DSTM32 -DSTM32F4 -DSTM32F446RETx -DSTM32F446xx -c -I../Inc -I"D:/STM32_bare_metal_project/CHIP_headers/CMSIS/Device/ST/STM32F4xx/Include" -I"D:/STM32_bare_metal_project/CHIP_headers/CMSIS/Include" -O0 -ffunction-sections -fdata-sections -Wall -fstack-usage -fcyclomatic-complexity -MMD -MP -MF"Src/main.d" -MT"Src/main.o" --specs=nano.specs -mfpu=fpv4-sp-d16 -mfloat-abi=hard -mthumb -o "Src/main.o"
arm-none-eabi-gcc -o "DHT22_project.elf" @"objects.list"   -mcpu=cortex-m4 -T"D:\STM32_bare_metal_project\DHT22_project\STM32F446RETX_FLASH.ld" --specs=nosys.specs -Wl,-Map="DHT22_project.map" -Wl,--gc-sections -static --specs=nano.specs -mfpu=fpv4-sp-d16 -mfloat-abi=hard -mthumb -Wl,--start-group -lc -lm -Wl,--end-group
Finished building target: DHT22_project.elf
 
arm-none-eabi-size  DHT22_project.elf 
arm-none-eabi-objdump -h -S DHT22_project.elf  > "DHT22_project.list"
   text	   data	    bss	    dec	    hex	filename
   6068	     96	   1904	   8068	   1f84	DHT22_project.elf
Finished building: default.size.stdout
 
Finished building: DHT22_project.list
 
17:43:23 **** Incremental Build of configuration Debug for project DHT22_project ****
make -j8 all 
arm-none-eabi-size  DHT22_project.elf 
   text	   data	    bss	    dec	    hex	filename
   6068	     96	   1904	   8068	   1f84	DHT22_project.elf
Finished building: default.size.stdout
 
17:44:17 **** Incremental Build of configuration Debug for project DHT22_project ****
make -j8 all 
arm-none-eabi-size  DHT22_project.elf 
   text	   data	    bss	    dec	    hex	filename
   6068	     96	   1904	   8068	   1f84	DHT22_project.elf
Finished building: default.size.stdout
 
